Component: ARM Compiler 5.06 update 6 (build 750) Tool: armlink [4d35ed]

==============================================================================

Section Cross References

    startup.o(STACK) refers (Special) to heapauxi.o(.text) for __use_two_region_memory
    startup.o(HEAP) refers (Special) to heapauxi.o(.text) for __use_two_region_memory
    startup.o(RESET) refers (Special) to heapauxi.o(.text) for __use_two_region_memory
    startup.o(RESET) refers to portasm.o(PORT_ASM) for vPortYieldProcessor
    startup.o(RESET) refers to startup.o(STACK) for Stack_Top
    startup.o(RESET) refers to __main.o(!!!main) for __main
    startup.o(.text) refers (Special) to heapauxi.o(.text) for __use_two_region_memory
    startup.o(.text) refers to startup.o(HEAP) for Heap_Mem
    startup.o(.text) refers to startup.o(STACK) for Stack_Mem
    serial.o(.text) refers to aeabi_sdiv.o(.text_udiv) for __aeabi_uidivmod
    serial.o(.text) refers to serialisr.o(.text) for vUART_ISREntry
    serial.o(.text) refers to serial.o(.data) for isNewCharAvailable
    serial.o(.text) refers to serial.o(.bss) for txBuffer
    serialisr.o(.text) refers to port.o(.data) for ulCriticalNesting
    serialisr.o(.text) refers to tasks.o(.data) for pxCurrentTCB
    serialisr.o(.text) refers to serial.o(.text) for vUART_ISRHandler
    main.o(.text) refers to tasks.o(.text) for xTaskGetTickCount
    main.o(.text) refers to queue.o(.text) for uxQueueSpacesAvailable
    main.o(.text) refers to serial.o(.text) for xSerialPutChar
    main.o(.text) refers to event_groups.o(.text) for xEventGroupClearBits
    main.o(.text) refers to rt_memcpy_w.o(.text) for __aeabi_memcpy4
    main.o(.text) refers to gpio.o(.text) for GPIO_read
    main.o(.text) refers to aeabi_sdiv.o(.text_udiv) for __aeabi_uidivmod
    main.o(.text) refers to dflt_noclz.o(x$fpl$dfltu) for __aeabi_ui2d
    main.o(.text) refers to ddiv.o(x$fpl$ddiv) for __aeabi_ddiv
    main.o(.text) refers to dfixu.o(x$fpl$dfixu) for __aeabi_d2uiz
    main.o(.text) refers to fflt_noclz.o(x$fpl$ffltu) for __aeabi_ui2f
    main.o(.text) refers to fdiv.o(x$fpl$fdiv) for __aeabi_fdiv
    main.o(.text) refers to main.o(.data) for msgQueueHandle
    gpio.o(.text) refers to gpio_cfg.o(.data) for PinConfig_array
    heap_1.o(.text) refers to tasks.o(.text) for vTaskSuspendAll
    heap_1.o(.text) refers to heap_1.o(.data) for pucAlignedHeap
    heap_1.o(.text) refers to heap_1.o(.bss) for ucHeap
    queue.o(.text) refers to aeabi_sdiv.o(.text_udiv) for __aeabi_uidivmod
    queue.o(.text) refers to port.o(.text) for vPortEnterCritical
    queue.o(.text) refers to tasks.o(.text) for xTaskRemoveFromEventList
    queue.o(.text) refers to portasm.o(PORT_ASM) for vPortYield
    queue.o(.text) refers to list.o(.text) for vListInitialise
    queue.o(.text) refers to heap_1.o(.text) for pvPortMalloc
    queue.o(.text) refers to rt_memcpy.o(.text) for __aeabi_memcpy
    tasks.o(.text) refers to list.o(.text) for vListInitialise
    tasks.o(.text) refers to port.o(.text) for vPortEnterCritical
    tasks.o(.text) refers to portasm.o(PORT_ASM) for vPortYield
    tasks.o(.text) refers to heap_1.o(.text) for pvPortMalloc
    tasks.o(.text) refers to main.o(.text) for vApplicationTickHook
    tasks.o(.text) refers to tasks.o(.bss) for xReadyTasksListEDF
    tasks.o(.text) refers to tasks.o(.data) for pxDelayedTaskList
    tasks.o(.text) refers to gpio.o(.text) for GPIO_write
    tasks.o(.text) refers to tasks.o(i.__ARM_common_disable_irq) for __ARM_common_disable_irq
    tasks.o(.text) refers to tasks.o(i.__ARM_common_call_via_r1) for __ARM_common_call_via_r1
    tasks.o(.text) refers to tasks.o(i.__ARM_common_switch8) for __ARM_common_switch8
    port.o(.text) refers to portasm.o(PORT_ASM) for vPortStartFirstTask
    port.o(.text) refers to tasks.o(i.__ARM_common_disable_irq) for __ARM_common_disable_irq
    port.o(.text) refers to port.o(i.__ARM_common_enable_irq) for __ARM_common_enable_irq
    port.o(.text) refers to port.o(.data) for ulCriticalNesting
    portasm.o(PORT_ASM) refers to tasks.o(.data) for pxCurrentTCB
    portasm.o(PORT_ASM) refers to port.o(.data) for ulCriticalNesting
    portasm.o(PORT_ASM) refers to tasks.o(.text) for vTaskSwitchContext
    event_groups.o(.text) refers to heap_1.o(.text) for pvPortMalloc
    event_groups.o(.text) refers to list.o(.text) for vListInitialise
    event_groups.o(.text) refers to tasks.o(.text) for vTaskSuspendAll
    event_groups.o(.text) refers to portasm.o(PORT_ASM) for vPortYield
    event_groups.o(.text) refers to port.o(.text) for vPortEnterCritical
    rt_memcpy.o(.text) refers to rt_memcpy_w.o(.text) for __aeabi_memcpy4
    aeabi_sdiv.o(.text_udiv) refers to aeabi_sdiv.o(.text) for __arm_div2
    aeabi_sdiv_div0.o(.text_udiv) refers to aeabi_sdiv_div0.o(.text) for __arm_div2
    __main.o(!!!main) refers to __rtentry.o(.ARM.Collect$$rtentry$$00000000) for __rt_entry
    ddiv.o(x$fpl$drdiv) refers (Special) to usenofp.o(x$fpl$usenofp) for __I$use$fp
    ddiv.o(x$fpl$drdiv) refers to ddiv.o(x$fpl$ddiv) for ddiv_entry
    ddiv.o(x$fpl$ddiv) refers (Special) to usenofp.o(x$fpl$usenofp) for __I$use$fp
    ddiv.o(x$fpl$ddiv) refers to dretinf.o(x$fpl$dretinf) for __fpl_dretinf
    ddiv.o(x$fpl$ddiv) refers to dnaninf.o(x$fpl$dnaninf) for __fpl_dnaninf
    dfixu.o(x$fpl$dfixu) refers (Special) to usenofp.o(x$fpl$usenofp) for __I$use$fp
    dfixu.o(x$fpl$dfixu) refers to dnaninf.o(x$fpl$dnaninf) for __fpl_dnaninf
    dfixu.o(x$fpl$dfixur) refers (Special) to usenofp.o(x$fpl$usenofp) for __I$use$fp
    dfixu.o(x$fpl$dfixur) refers to dnaninf.o(x$fpl$dnaninf) for __fpl_dnaninf
    dflt_noclz.o(x$fpl$dfltu) refers (Special) to usenofp.o(x$fpl$usenofp) for __I$use$fp
    dflt_noclz.o(x$fpl$dfltu) refers to dflt_noclz.o(x$fpl$dflt) for __dflt_normalise
    dflt_noclz.o(x$fpl$dflt) refers (Special) to usenofp.o(x$fpl$usenofp) for __I$use$fp
    fdiv.o(x$fpl$frdiv) refers (Special) to usenofp.o(x$fpl$usenofp) for __I$use$fp
    fdiv.o(x$fpl$frdiv) refers to fdiv.o(x$fpl$fdiv) for _fdiv1
    fdiv.o(x$fpl$fdiv) refers (Special) to usenofp.o(x$fpl$usenofp) for __I$use$fp
    fdiv.o(x$fpl$fdiv) refers to fretinf.o(x$fpl$fretinf) for __fpl_fretinf
    fdiv.o(x$fpl$fdiv) refers to fnaninf.o(x$fpl$fnaninf) for __fpl_fnaninf
    fflt_noclz.o(x$fpl$ffltu) refers (Special) to usenofp.o(x$fpl$usenofp) for __I$use$fp
    fflt_noclz.o(x$fpl$ffltu) refers to fflt_noclz.o(x$fpl$fflt) for __fflt_normalise
    fflt_noclz.o(x$fpl$fflt) refers (Special) to usenofp.o(x$fpl$usenofp) for __I$use$fp
    __rtentry.o(.ARM.Collect$$rtentry$$00000000) refers (Special) to __rtentry2.o(.ARM.Collect$$rtentry$$0000000A) for __rt_entry_li
    __rtentry.o(.ARM.Collect$$rtentry$$00000000) refers (Special) to __rtentry2.o(.ARM.Collect$$rtentry$$0000000D) for __rt_entry_main
    __rtentry.o(.ARM.Collect$$rtentry$$00000000) refers (Special) to __rtentry2.o(.ARM.Collect$$rtentry$$0000000C) for __rt_entry_postli_1
    __rtentry.o(.ARM.Collect$$rtentry$$00000000) refers (Special) to __rtentry2.o(.ARM.Collect$$rtentry$$00000009) for __rt_entry_postsh_1
    __rtentry.o(.ARM.Collect$$rtentry$$00000000) refers (Special) to __rtentry2.o(.ARM.Collect$$rtentry$$00000002) for __rt_entry_presh_1
    __rtentry.o(.ARM.Collect$$rtentry$$00000000) refers (Special) to __rtentry4.o(.ARM.Collect$$rtentry$$00000004) for __rt_entry_sh
    aeabi_idiv0_sigfpe.o(.text) refers to rt_div0.o(.text) for __rt_div0
    dnaninf.o(x$fpl$dnaninf) refers (Special) to usenofp.o(x$fpl$usenofp) for __I$use$fp
    dretinf.o(x$fpl$dretinf) refers (Special) to usenofp.o(x$fpl$usenofp) for __I$use$fp
    fnaninf.o(x$fpl$fnaninf) refers (Special) to usenofp.o(x$fpl$usenofp) for __I$use$fp
    fretinf.o(x$fpl$fretinf) refers (Special) to usenofp.o(x$fpl$usenofp) for __I$use$fp
    __rtentry2.o(.ARM.Collect$$rtentry$$00000008) refers to boardinit2.o(.text) for _platform_post_stackheap_init
    __rtentry2.o(.ARM.Collect$$rtentry$$0000000A) refers to libinit.o(.ARM.Collect$$libinit$$00000000) for __rt_lib_init
    __rtentry2.o(.ARM.Collect$$rtentry$$0000000B) refers to boardinit3.o(.text) for _platform_post_lib_init
    __rtentry2.o(.ARM.Collect$$rtentry$$0000000D) refers to exit.o(.text) for exit
    __rtentry2.o(.ARM.Collect$$rtentry$$0000000D) refers to main.o(.text) for main
    __rtentry2.o(.ARM.exidx) refers to __rtentry2.o(.ARM.Collect$$rtentry$$00000001) for .ARM.Collect$$rtentry$$00000001
    __rtentry2.o(.ARM.exidx) refers to __rtentry2.o(.ARM.Collect$$rtentry$$00000008) for .ARM.Collect$$rtentry$$00000008
    __rtentry2.o(.ARM.exidx) refers to __rtentry2.o(.ARM.Collect$$rtentry$$0000000A) for .ARM.Collect$$rtentry$$0000000A
    __rtentry2.o(.ARM.exidx) refers to __rtentry2.o(.ARM.Collect$$rtentry$$0000000B) for .ARM.Collect$$rtentry$$0000000B
    __rtentry2.o(.ARM.exidx) refers to __rtentry2.o(.ARM.Collect$$rtentry$$0000000D) for .ARM.Collect$$rtentry$$0000000D
    __rtentry4.o(.ARM.Collect$$rtentry$$00000004) refers to sys_stackheap_outer.o(.text) for __user_setup_stackheap
    __rtentry4.o(.ARM.exidx) refers to __rtentry4.o(.ARM.Collect$$rtentry$$00000004) for .ARM.Collect$$rtentry$$00000004
    rt_div0.o(.text) refers to defsig_fpe_outer.o(.text) for __rt_SIGFPE
    sys_stackheap_outer.o(.text) refers to libspace.o(.text) for __user_perproc_libspace
    sys_stackheap_outer.o(.text) refers to startup.o(.text) for __user_initial_stackheap
    exit.o(.text) refers to rtexit.o(.ARM.Collect$$rtexit$$00000000) for __rt_exit
    defsig_fpe_outer.o(.text) refers to defsig_fpe_inner.o(.text) for __rt_SIGFPE_inner
    defsig_fpe_outer.o(.text) refers to defsig_exit.o(.text) for __sig_exit
    defsig_fpe_formal.o(.text) refers to rt_raise.o(.text) for __rt_raise
    libinit.o(.ARM.Collect$$libinit$$00000000) refers (Special) to libinit2.o(.ARM.Collect$$libinit$$0000002E) for __rt_lib_init_alloca_1
    libinit.o(.ARM.Collect$$libinit$$00000000) refers (Special) to libinit2.o(.ARM.Collect$$libinit$$0000002C) for __rt_lib_init_argv_1
    libinit.o(.ARM.Collect$$libinit$$00000000) refers (Special) to libinit2.o(.ARM.Collect$$libinit$$0000001B) for __rt_lib_init_atexit_1
    libinit.o(.ARM.Collect$$libinit$$00000000) refers (Special) to libinit2.o(.ARM.Collect$$libinit$$00000021) for __rt_lib_init_clock_1
    libinit.o(.ARM.Collect$$libinit$$00000000) refers (Special) to libinit2.o(.ARM.Collect$$libinit$$00000032) for __rt_lib_init_cpp_1
    libinit.o(.ARM.Collect$$libinit$$00000000) refers (Special) to libinit2.o(.ARM.Collect$$libinit$$00000030) for __rt_lib_init_exceptions_1
    libinit.o(.ARM.Collect$$libinit$$00000000) refers (Special) to libinit2.o(.ARM.Collect$$libinit$$00000002) for __rt_lib_init_fp_1
    libinit.o(.ARM.Collect$$libinit$$00000000) refers (Special) to libinit2.o(.ARM.Collect$$libinit$$0000001F) for __rt_lib_init_fp_trap_1
    libinit.o(.ARM.Collect$$libinit$$00000000) refers (Special) to libinit2.o(.ARM.Collect$$libinit$$00000023) for __rt_lib_init_getenv_1
    libinit.o(.ARM.Collect$$libinit$$00000000) refers (Special) to libinit2.o(.ARM.Collect$$libinit$$0000000A) for __rt_lib_init_heap_1
    libinit.o(.ARM.Collect$$libinit$$00000000) refers (Special) to libinit2.o(.ARM.Collect$$libinit$$00000011) for __rt_lib_init_lc_collate_1
    libinit.o(.ARM.Collect$$libinit$$00000000) refers (Special) to libinit2.o(.ARM.Collect$$libinit$$00000013) for __rt_lib_init_lc_ctype_1
    libinit.o(.ARM.Collect$$libinit$$00000000) refers (Special) to libinit2.o(.ARM.Collect$$libinit$$00000015) for __rt_lib_init_lc_monetary_1
    libinit.o(.ARM.Collect$$libinit$$00000000) refers (Special) to libinit2.o(.ARM.Collect$$libinit$$00000017) for __rt_lib_init_lc_numeric_1
    libinit.o(.ARM.Collect$$libinit$$00000000) refers (Special) to libinit2.o(.ARM.Collect$$libinit$$00000019) for __rt_lib_init_lc_time_1
    libinit.o(.ARM.Collect$$libinit$$00000000) refers (Special) to libinit2.o(.ARM.Collect$$libinit$$00000004) for __rt_lib_init_preinit_1
    libinit.o(.ARM.Collect$$libinit$$00000000) refers (Special) to libinit2.o(.ARM.Collect$$libinit$$0000000E) for __rt_lib_init_rand_1
    libinit.o(.ARM.Collect$$libinit$$00000000) refers (Special) to libinit2.o(.ARM.Collect$$libinit$$00000033) for __rt_lib_init_return
    libinit.o(.ARM.Collect$$libinit$$00000000) refers (Special) to libinit2.o(.ARM.Collect$$libinit$$0000001D) for __rt_lib_init_signal_1
    libinit.o(.ARM.Collect$$libinit$$00000000) refers (Special) to libinit2.o(.ARM.Collect$$libinit$$00000025) for __rt_lib_init_stdio_1
    libinit.o(.ARM.Collect$$libinit$$00000000) refers (Special) to libinit2.o(.ARM.Collect$$libinit$$0000000C) for __rt_lib_init_user_alloc_1
    libspace.o(.text) refers to libspace.o(.bss) for __libspace_start
    rtexit.o(.ARM.Collect$$rtexit$$00000000) refers (Special) to rtexit2.o(.ARM.Collect$$rtexit$$00000004) for __rt_exit_exit
    rtexit.o(.ARM.Collect$$rtexit$$00000000) refers (Special) to rtexit2.o(.ARM.Collect$$rtexit$$00000003) for __rt_exit_ls
    rtexit.o(.ARM.Collect$$rtexit$$00000000) refers (Special) to rtexit2.o(.ARM.Collect$$rtexit$$00000002) for __rt_exit_prels_1
    rtexit.o(.ARM.exidx) refers (Special) to rtexit2.o(.ARM.Collect$$rtexit$$00000004) for __rt_exit_exit
    rtexit.o(.ARM.exidx) refers (Special) to rtexit2.o(.ARM.Collect$$rtexit$$00000003) for __rt_exit_ls
    rtexit.o(.ARM.exidx) refers (Special) to rtexit2.o(.ARM.Collect$$rtexit$$00000002) for __rt_exit_prels_1
    rtexit.o(.ARM.exidx) refers to rtexit.o(.ARM.Collect$$rtexit$$00000000) for .ARM.Collect$$rtexit$$00000000
    rt_raise.o(.text) refers to __raise.o(.text) for __raise
    rt_raise.o(.text) refers to sys_exit.o(.text) for _sys_exit
    defsig_exit.o(.text) refers to sys_exit.o(.text) for _sys_exit
    defsig_fpe_inner.o(.text) refers to defsig_general.o(.text) for __default_signal_display
    libinit2.o(.ARM.Collect$$libinit$$00000001) refers to fpinit.o(x$fpl$fpinit) for _fp_init
    libinit2.o(.ARM.Collect$$libinit$$00000010) refers to libinit2.o(.ARM.Collect$$libinit$$0000000F) for .ARM.Collect$$libinit$$0000000F
    libinit2.o(.ARM.Collect$$libinit$$00000012) refers to libinit2.o(.ARM.Collect$$libinit$$0000000F) for .ARM.Collect$$libinit$$0000000F
    libinit2.o(.ARM.Collect$$libinit$$00000014) refers to libinit2.o(.ARM.Collect$$libinit$$0000000F) for .ARM.Collect$$libinit$$0000000F
    libinit2.o(.ARM.Collect$$libinit$$00000016) refers to libinit2.o(.ARM.Collect$$libinit$$0000000F) for .ARM.Collect$$libinit$$0000000F
    libinit2.o(.ARM.Collect$$libinit$$00000018) refers to libinit2.o(.ARM.Collect$$libinit$$0000000F) for .ARM.Collect$$libinit$$0000000F
    libinit2.o(.ARM.Collect$$libinit$$00000026) refers to argv_veneer.o(.emb_text) for __ARM_argv_veneer
    libinit2.o(.ARM.Collect$$libinit$$00000027) refers to argv_veneer.o(.emb_text) for __ARM_argv_veneer
    sys_exit.o(.text) refers (Special) to use_no_semi.o(.text) for __I$use$semihosting
    sys_exit.o(.text) refers (Special) to indicate_semi.o(.text) for __semihosting_library_function
    rtexit2.o(.ARM.Collect$$rtexit$$00000003) refers to libshutdown.o(.ARM.Collect$$libshutdown$$00000000) for __rt_lib_shutdown
    rtexit2.o(.ARM.Collect$$rtexit$$00000004) refers to sys_exit.o(.text) for _sys_exit
    rtexit2.o(.ARM.exidx) refers to rtexit2.o(.ARM.Collect$$rtexit$$00000001) for .ARM.Collect$$rtexit$$00000001
    rtexit2.o(.ARM.exidx) refers to rtexit2.o(.ARM.Collect$$rtexit$$00000003) for .ARM.Collect$$rtexit$$00000003
    rtexit2.o(.ARM.exidx) refers to rtexit2.o(.ARM.Collect$$rtexit$$00000004) for .ARM.Collect$$rtexit$$00000004
    __raise.o(.text) refers to __raise.o(i.__ARM_common_call_via_r2) for __ARM_common_call_via_r2
    __raise.o(.text) refers to defsig.o(CL$$defsig) for __default_signal_handler
    defsig_general.o(.text) refers to sys_wrch.o(.text) for _ttywrch
    argv_veneer.o(.emb_text) refers to no_argv.o(.text) for __ARM_get_argv
    sys_wrch.o(.text) refers (Special) to use_no_semi.o(.text) for __I$use$semihosting
    sys_wrch.o(.text) refers (Special) to indicate_semi.o(.text) for __semihosting_library_function
    defsig.o(CL$$defsig) refers to defsig_fpe_inner.o(.text) for __rt_SIGFPE_inner
    defsig.o(CL$$defsig) refers to defsig_rtmem_inner.o(.text) for __rt_SIGRTMEM_inner
    _get_argv_nomalloc.o(.text) refers (Special) to hrguard.o(.text) for __heap_region$guard
    _get_argv_nomalloc.o(.text) refers to defsig_rtmem_outer.o(.text) for __rt_SIGRTMEM
    _get_argv_nomalloc.o(.text) refers to sys_command.o(.text) for _sys_command_string
    libshutdown.o(.ARM.Collect$$libshutdown$$00000000) refers (Special) to libshutdown2.o(.ARM.Collect$$libshutdown$$00000002) for __rt_lib_shutdown_cpp_1
    libshutdown.o(.ARM.Collect$$libshutdown$$00000000) refers (Special) to libshutdown2.o(.ARM.Collect$$libshutdown$$00000007) for __rt_lib_shutdown_fp_trap_1
    libshutdown.o(.ARM.Collect$$libshutdown$$00000000) refers (Special) to libshutdown2.o(.ARM.Collect$$libshutdown$$0000000F) for __rt_lib_shutdown_heap_1
    libshutdown.o(.ARM.Collect$$libshutdown$$00000000) refers (Special) to libshutdown2.o(.ARM.Collect$$libshutdown$$00000010) for __rt_lib_shutdown_return
    libshutdown.o(.ARM.Collect$$libshutdown$$00000000) refers (Special) to libshutdown2.o(.ARM.Collect$$libshutdown$$0000000A) for __rt_lib_shutdown_signal_1
    libshutdown.o(.ARM.Collect$$libshutdown$$00000000) refers (Special) to libshutdown2.o(.ARM.Collect$$libshutdown$$00000004) for __rt_lib_shutdown_stdio_1
    libshutdown.o(.ARM.Collect$$libshutdown$$00000000) refers (Special) to libshutdown2.o(.ARM.Collect$$libshutdown$$0000000C) for __rt_lib_shutdown_user_alloc_1
    sys_command.o(.text) refers (Special) to use_no_semi.o(.text) for __I$use$semihosting
    sys_command.o(.text) refers (Special) to indicate_semi.o(.text) for __semihosting_library_function
    defsig_abrt_inner.o(.text) refers to defsig_general.o(.text) for __default_signal_display
    defsig_rtred_inner.o(.text) refers to defsig_general.o(.text) for __default_signal_display
    defsig_rtmem_inner.o(.text) refers to defsig_general.o(.text) for __default_signal_display
    defsig_rtmem_outer.o(.text) refers to defsig_rtmem_inner.o(.text) for __rt_SIGRTMEM_inner
    defsig_rtmem_outer.o(.text) refers to defsig_exit.o(.text) for __sig_exit
    defsig_rtmem_formal.o(.text) refers to rt_raise.o(.text) for __rt_raise
    defsig_stak_inner.o(.text) refers to defsig_general.o(.text) for __default_signal_display
    defsig_pvfn_inner.o(.text) refers to defsig_general.o(.text) for __default_signal_display
    defsig_cppl_inner.o(.text) refers to defsig_general.o(.text) for __default_signal_display
    defsig_segv_inner.o(.text) refers to defsig_general.o(.text) for __default_signal_display
    defsig_other.o(.text) refers to defsig_general.o(.text) for __default_signal_display


==============================================================================

Removing Unused input sections from the image.

    Removing partest.o(.text), (80 bytes).

1 unused section(s) (total 80 bytes) removed from the image.

==============================================================================

Adding Veneers to the image

    Adding AT veneer (8 bytes, Inline) for call to '__rt_lib_init' from __rtentry2.o(.ARM.Collect$$rtentry$$0000000A).
    Adding AT veneer (8 bytes, Inline) for call to '__rt_lib_shutdown' from rtexit2.o(.ARM.Collect$$rtexit$$00000003).
    Adding TA veneer (4 bytes, Inline) for call to '__rt_exit' from exit.o(.text).
    Adding TA veneer (4 bytes, Inline) for call to '__aeabi_memcpy' from queue.o(.text).
    Adding TA veneer (4 bytes, Inline) for call to '__aeabi_memcpy4' from main.o(.text).
    Adding AT veneer (8 bytes, Inline) for call to '_sys_exit' from rtexit2.o(.ARM.Collect$$rtexit$$00000004).
    Adding TA veneer (4 bytes, Inline) for call to '__aeabi_uidivmod' from serial.o(.text).
    Adding TA veneer (4 bytes, Inline) for call to 'vPortStartFirstTask' from port.o(.text).
    Adding TA veneer (8 bytes, Short) for call to 'vPortYield' from queue.o(.text).
    Adding TA veneer (4 bytes, Inline) for call to '__ARM_common_disable_irq' from tasks.o(.text).
    Adding TA veneer (4 bytes, Inline) for call to '__ARM_common_enable_irq' from port.o(.text).
    Adding TA veneer (4 bytes, Inline) for call to '__ARM_common_switch8' from tasks.o(.text).
    Adding TA veneer (4 bytes, Inline) for call to '__aeabi_ddiv' from main.o(.text).
    Adding TA veneer (4 bytes, Inline) for call to '__aeabi_d2uiz' from main.o(.text).
    Adding TA veneer (4 bytes, Inline) for call to '__aeabi_ui2d' from main.o(.text).
    Adding TA veneer (4 bytes, Inline) for call to '__aeabi_fdiv' from main.o(.text).
    Adding TA veneer (4 bytes, Inline) for call to '__aeabi_ui2f' from main.o(.text).

17 Veneer(s) (total 84 bytes) added to the image.

==============================================================================

Image Symbol Table

    Local Symbols

    Symbol Name                              Value     Ov Type        Size  Object(Section)

    RESET                                    0x00000000   Section      260  startup.o(RESET)
    ../clib/angel/boardlib.s                 0x00000000   Number         0  boardshut.o ABSOLUTE
    ../clib/angel/boardlib.s                 0x00000000   Number         0  boardinit3.o ABSOLUTE
    ../clib/angel/boardlib.s                 0x00000000   Number         0  boardinit2.o ABSOLUTE
    ../clib/angel/boardlib.s                 0x00000000   Number         0  boardinit1.o ABSOLUTE
    ../clib/angel/handlers.s                 0x00000000   Number         0  __scatter_zi.o ABSOLUTE
    ../clib/angel/handlers.s                 0x00000000   Number         0  __scatter_copy.o ABSOLUTE
    ../clib/angel/kernel.s                   0x00000000   Number         0  __rtentry.o ABSOLUTE
    ../clib/angel/kernel.s                   0x00000000   Number         0  __rtentry2.o ABSOLUTE
    ../clib/angel/kernel.s                   0x00000000   Number         0  __rtentry4.o ABSOLUTE
    ../clib/angel/kernel.s                   0x00000000   Number         0  rtexit2.o ABSOLUTE
    ../clib/angel/kernel.s                   0x00000000   Number         0  rtexit.o ABSOLUTE
    ../clib/angel/rt.s                       0x00000000   Number         0  rt_div0.o ABSOLUTE
    ../clib/angel/rt.s                       0x00000000   Number         0  aeabi_idiv0.o ABSOLUTE
    ../clib/angel/rt.s                       0x00000000   Number         0  aeabi_idiv0_sigfpe.o ABSOLUTE
    ../clib/angel/rt.s                       0x00000000   Number         0  rt_raise.o ABSOLUTE
    ../clib/angel/scatter.s                  0x00000000   Number         0  __scatter.o ABSOLUTE
    ../clib/angel/startup.s                  0x00000000   Number         0  __main.o ABSOLUTE
    ../clib/angel/sys.s                      0x00000000   Number         0  sys_stackheap_outer.o ABSOLUTE
    ../clib/angel/sys.s                      0x00000000   Number         0  libspace.o ABSOLUTE
    ../clib/angel/sys.s                      0x00000000   Number         0  indicate_semi.o ABSOLUTE
    ../clib/angel/sys.s                      0x00000000   Number         0  use_no_semi.o ABSOLUTE
    ../clib/angel/sysapp.c                   0x00000000   Number         0  sys_command.o ABSOLUTE
    ../clib/angel/sysapp.c                   0x00000000   Number         0  sys_exit.o ABSOLUTE
    ../clib/angel/sysapp.c                   0x00000000   Number         0  sys_wrch.o ABSOLUTE
    ../clib/armsys.c                         0x00000000   Number         0  _get_argv_nomalloc.o ABSOLUTE
    ../clib/armsys.c                         0x00000000   Number         0  argv_veneer.o ABSOLUTE
    ../clib/armsys.c                         0x00000000   Number         0  argv_veneer.o ABSOLUTE
    ../clib/armsys.c                         0x00000000   Number         0  no_argv.o ABSOLUTE
    ../clib/division.s                       0x00000000   Number         0  aeabi_sdiv_div0.o ABSOLUTE
    ../clib/division.s                       0x00000000   Number         0  aeabi_sdiv.o ABSOLUTE
    ../clib/divrt.s                          0x00000000   Number         0  divrt_7tdmi_div0.o ABSOLUTE
    ../clib/divrt.s                          0x00000000   Number         0  divrt_7tdmi.o ABSOLUTE
    ../clib/heapalloc.c                      0x00000000   Number         0  hrguard.o ABSOLUTE
    ../clib/heapaux.c                        0x00000000   Number         0  heapauxi.o ABSOLUTE
    ../clib/libinit.s                        0x00000000   Number         0  libshutdown2.o ABSOLUTE
    ../clib/libinit.s                        0x00000000   Number         0  libinit2.o ABSOLUTE
    ../clib/libinit.s                        0x00000000   Number         0  libshutdown.o ABSOLUTE
    ../clib/libinit.s                        0x00000000   Number         0  libinit.o ABSOLUTE
    ../clib/memcpset.s                       0x00000000   Number         0  rt_memcpy_w.o ABSOLUTE
    ../clib/memcpset.s                       0x00000000   Number         0  rt_memcpy.o ABSOLUTE
    ../clib/signal.c                         0x00000000   Number         0  defsig_pvfn_inner.o ABSOLUTE
    ../clib/signal.c                         0x00000000   Number         0  __raise.o ABSOLUTE
    ../clib/signal.c                         0x00000000   Number         0  defsig_fpe_formal.o ABSOLUTE
    ../clib/signal.c                         0x00000000   Number         0  defsig_exit.o ABSOLUTE
    ../clib/signal.c                         0x00000000   Number         0  defsig_fpe_inner.o ABSOLUTE
    ../clib/signal.c                         0x00000000   Number         0  defsig_fpe_outer.o ABSOLUTE
    ../clib/signal.c                         0x00000000   Number         0  defsig_abrt_inner.o ABSOLUTE
    ../clib/signal.c                         0x00000000   Number         0  defsig_rtred_inner.o ABSOLUTE
    ../clib/signal.c                         0x00000000   Number         0  defsig_rtmem_inner.o ABSOLUTE
    ../clib/signal.c                         0x00000000   Number         0  defsig_rtmem_outer.o ABSOLUTE
    ../clib/signal.c                         0x00000000   Number         0  defsig_general.o ABSOLUTE
    ../clib/signal.c                         0x00000000   Number         0  defsig_other.o ABSOLUTE
    ../clib/signal.c                         0x00000000   Number         0  defsig_rtmem_formal.o ABSOLUTE
    ../clib/signal.c                         0x00000000   Number         0  defsig_segv_inner.o ABSOLUTE
    ../clib/signal.c                         0x00000000   Number         0  defsig_stak_inner.o ABSOLUTE
    ../clib/signal.c                         0x00000000   Number         0  defsig_cppl_inner.o ABSOLUTE
    ../clib/signal.s                         0x00000000   Number         0  defsig.o ABSOLUTE
    ../clib/stdlib.c                         0x00000000   Number         0  exit.o ABSOLUTE
    ../fplib/ddiv.s                          0x00000000   Number         0  ddiv.o ABSOLUTE
    ../fplib/dfixu.s                         0x00000000   Number         0  dfixu.o ABSOLUTE
    ../fplib/dflt.s                          0x00000000   Number         0  dflt_noclz.o ABSOLUTE
    ../fplib/dnaninf.s                       0x00000000   Number         0  dnaninf.o ABSOLUTE
    ../fplib/dretinf.s                       0x00000000   Number         0  dretinf.o ABSOLUTE
    ../fplib/fdiv.s                          0x00000000   Number         0  fdiv.o ABSOLUTE
    ../fplib/fflt.s                          0x00000000   Number         0  fflt_noclz.o ABSOLUTE
    ../fplib/fnaninf.s                       0x00000000   Number         0  fnaninf.o ABSOLUTE
    ../fplib/fpinit.s                        0x00000000   Number         0  fpinit.o ABSOLUTE
    ../fplib/fretinf.s                       0x00000000   Number         0  fretinf.o ABSOLUTE
    ../fplib/usenofp.s                       0x00000000   Number         0  usenofp.o ABSOLUTE
    ..\APPL\main.c                           0x00000000   Number         0  main.o ABSOLUTE
    ..\MCAL\GPIO.c                           0x00000000   Number         0  gpio.o ABSOLUTE
    ..\MCAL\GPIO_cfg.c                       0x00000000   Number         0  gpio_cfg.o ABSOLUTE
    ..\OS_src_files\ARM7_LPC21xx\port.c      0x00000000   Number         0  port.o ABSOLUTE
    ..\OS_src_files\ARM7_LPC21xx\portASM.s   0x00000000   Number         0  portasm.o ABSOLUTE
    ..\OS_src_files\event_groups.c           0x00000000   Number         0  event_groups.o ABSOLUTE
    ..\OS_src_files\heap_1.c                 0x00000000   Number         0  heap_1.o ABSOLUTE
    ..\OS_src_files\list.c                   0x00000000   Number         0  list.o ABSOLUTE
    ..\OS_src_files\queue.c                  0x00000000   Number         0  queue.o ABSOLUTE
    ..\OS_src_files\tasks.c                  0x00000000   Number         0  tasks.o ABSOLUTE
    ParTest\ParTest.c                        0x00000000   Number         0  partest.o ABSOLUTE
    Startup.s                                0x00000000   Number         0  startup.o ABSOLUTE
    dc.s                                     0x00000000   Number         0  dc.o ABSOLUTE
    serial\serial.c                          0x00000000   Number         0  serial.o ABSOLUTE
    serial\serialISR.s                       0x00000000   Number         0  serialisr.o ABSOLUTE
    Undef_Handler                            0x00000040   ARM Code       4  startup.o(RESET)
    PAbt_Handler                             0x00000048   ARM Code       4  startup.o(RESET)
    DAbt_Handler                             0x0000004c   ARM Code       4  startup.o(RESET)
    IRQ_Handler                              0x00000050   ARM Code       4  startup.o(RESET)
    FIQ_Handler                              0x00000054   ARM Code       4  startup.o(RESET)
    !!!main                                  0x00000104   Section        8  __main.o(!!!main)
    !!!scatter                               0x0000010c   Section       60  __scatter.o(!!!scatter)
    !!handler_copy                           0x00000148   Section       40  __scatter_copy.o(!!handler_copy)
    !!handler_zi                             0x00000170   Section       44  __scatter_zi.o(!!handler_zi)
    .ARM.Collect$$libinit$$00000000          0x000001a4   Section        2  libinit.o(.ARM.Collect$$libinit$$00000000)
    .ARM.Collect$$libinit$$00000002          0x000001a6   Section        0  libinit2.o(.ARM.Collect$$libinit$$00000002)
    .ARM.Collect$$libinit$$00000004          0x000001a6   Section        0  libinit2.o(.ARM.Collect$$libinit$$00000004)
    .ARM.Collect$$libinit$$0000000A          0x000001a6   Section        0  libinit2.o(.ARM.Collect$$libinit$$0000000A)
    .ARM.Collect$$libinit$$0000000C          0x000001a6   Section        0  libinit2.o(.ARM.Collect$$libinit$$0000000C)
    .ARM.Collect$$libinit$$0000000E          0x000001a6   Section        0  libinit2.o(.ARM.Collect$$libinit$$0000000E)
    .ARM.Collect$$libinit$$00000011          0x000001a6   Section        0  libinit2.o(.ARM.Collect$$libinit$$00000011)
    .ARM.Collect$$libinit$$00000013          0x000001a6   Section        0  libinit2.o(.ARM.Collect$$libinit$$00000013)
    .ARM.Collect$$libinit$$00000015          0x000001a6   Section        0  libinit2.o(.ARM.Collect$$libinit$$00000015)
    .ARM.Collect$$libinit$$00000017          0x000001a6   Section        0  libinit2.o(.ARM.Collect$$libinit$$00000017)
    .ARM.Collect$$libinit$$00000019          0x000001a6   Section        0  libinit2.o(.ARM.Collect$$libinit$$00000019)
    .ARM.Collect$$libinit$$0000001B          0x000001a6   Section        0  libinit2.o(.ARM.Collect$$libinit$$0000001B)
    .ARM.Collect$$libinit$$0000001D          0x000001a6   Section        0  libinit2.o(.ARM.Collect$$libinit$$0000001D)
    .ARM.Collect$$libinit$$0000001F          0x000001a6   Section        0  libinit2.o(.ARM.Collect$$libinit$$0000001F)
    .ARM.Collect$$libinit$$00000021          0x000001a6   Section        0  libinit2.o(.ARM.Collect$$libinit$$00000021)
    .ARM.Collect$$libinit$$00000023          0x000001a6   Section        0  libinit2.o(.ARM.Collect$$libinit$$00000023)
    .ARM.Collect$$libinit$$00000025          0x000001a6   Section        0  libinit2.o(.ARM.Collect$$libinit$$00000025)
    .ARM.Collect$$libinit$$0000002C          0x000001a6   Section        0  libinit2.o(.ARM.Collect$$libinit$$0000002C)
    .ARM.Collect$$libinit$$0000002E          0x000001a6   Section        0  libinit2.o(.ARM.Collect$$libinit$$0000002E)
    .ARM.Collect$$libinit$$00000030          0x000001a6   Section        0  libinit2.o(.ARM.Collect$$libinit$$00000030)
    .ARM.Collect$$libinit$$00000032          0x000001a6   Section        0  libinit2.o(.ARM.Collect$$libinit$$00000032)
    .ARM.Collect$$libinit$$00000033          0x000001a6   Section       12  libinit2.o(.ARM.Collect$$libinit$$00000033)
    .ARM.Collect$$libshutdown$$00000000      0x000001bc   Section        4  libshutdown.o(.ARM.Collect$$libshutdown$$00000000)
    .ARM.Collect$$libshutdown$$00000002      0x000001c0   Section        0  libshutdown2.o(.ARM.Collect$$libshutdown$$00000002)
    .ARM.Collect$$libshutdown$$00000004      0x000001c0   Section        0  libshutdown2.o(.ARM.Collect$$libshutdown$$00000004)
    .ARM.Collect$$libshutdown$$00000007      0x000001c0   Section        0  libshutdown2.o(.ARM.Collect$$libshutdown$$00000007)
    .ARM.Collect$$libshutdown$$0000000A      0x000001c0   Section        0  libshutdown2.o(.ARM.Collect$$libshutdown$$0000000A)
    .ARM.Collect$$libshutdown$$0000000C      0x000001c0   Section        0  libshutdown2.o(.ARM.Collect$$libshutdown$$0000000C)
    .ARM.Collect$$libshutdown$$0000000F      0x000001c0   Section        0  libshutdown2.o(.ARM.Collect$$libshutdown$$0000000F)
    .ARM.Collect$$libshutdown$$00000010      0x000001c0   Section        6  libshutdown2.o(.ARM.Collect$$libshutdown$$00000010)
    .ARM.Collect$$rtentry$$00000000          0x000001c8   Section        0  __rtentry.o(.ARM.Collect$$rtentry$$00000000)
    .ARM.Collect$$rtentry$$00000002          0x000001c8   Section        0  __rtentry2.o(.ARM.Collect$$rtentry$$00000002)
    .ARM.Collect$$rtentry$$00000004          0x000001c8   Section        8  __rtentry4.o(.ARM.Collect$$rtentry$$00000004)
    .ARM.Collect$$rtentry$$00000009          0x000001d0   Section        0  __rtentry2.o(.ARM.Collect$$rtentry$$00000009)
    .ARM.Collect$$rtentry$$0000000A          0x000001d0   Section        4  __rtentry2.o(.ARM.Collect$$rtentry$$0000000A)
    .ARM.Collect$$rtentry$$0000000C          0x000001d4   Section        0  __rtentry2.o(.ARM.Collect$$rtentry$$0000000C)
    .ARM.Collect$$rtentry$$0000000D          0x000001d4   Section       40  __rtentry2.o(.ARM.Collect$$rtentry$$0000000D)
    .ARM.Collect$$rtexit$$00000000           0x00000200   Section        4  rtexit.o(.ARM.Collect$$rtexit$$00000000)
    .ARM.Collect$$rtexit$$00000002           0x00000204   Section        0  rtexit2.o(.ARM.Collect$$rtexit$$00000002)
    .ARM.Collect$$rtexit$$00000003           0x00000204   Section        4  rtexit2.o(.ARM.Collect$$rtexit$$00000003)
    .ARM.Collect$$rtexit$$00000004           0x00000208   Section        8  rtexit2.o(.ARM.Collect$$rtexit$$00000004)
    .text                                    0x00000210   Section       32  startup.o(.text)
    .text                                    0x00000230   Section        0  serial.o(.text)
    .text                                    0x000003d0   Section      148  serialisr.o(.text)
    .text                                    0x00000464   Section        0  main.o(.text)
    Load_1_Simulation                        0x0000047f   Thumb Code    36  main.o(.text)
    Load_2_Simulation                        0x000004a3   Thumb Code    52  main.o(.text)
    RxUART                                   0x000004d7   Thumb Code   152  main.o(.text)
    PerTxUART                                0x0000056f   Thumb Code    44  main.o(.text)
    B2_monitorTask                           0x0000059b   Thumb Code   100  main.o(.text)
    B1_monitorTask                           0x000005ff   Thumb Code   100  main.o(.text)
    configTimer1                             0x00000663   Thumb Code    22  main.o(.text)
    prvSetupHardware                         0x00000679   Thumb Code    30  main.o(.text)
    .text                                    0x000008dc   Section        0  gpio.o(.text)
    .text                                    0x00000a34   Section        0  heap_1.o(.text)
    .text                                    0x00000ad4   Section        0  list.o(.text)
    .text                                    0x00000b6c   Section        0  queue.o(.text)
    prvInitialiseNewQueue                    0x00000c05   Thumb Code    42  queue.o(.text)
    prvCopyDataToQueue                       0x00000c89   Thumb Code   112  queue.o(.text)
    prvNotifyQueueSetContainer               0x00000cf9   Thumb Code    90  queue.o(.text)
    prvUnlockQueue                           0x00000d53   Thumb Code   172  queue.o(.text)
    prvIsQueueFull                           0x00000dff   Thumb Code    34  queue.o(.text)
    prvIsQueueEmpty                          0x0000106d   Thumb Code    32  queue.o(.text)
    prvCopyDataFromQueue                     0x0000108d   Thumb Code    48  queue.o(.text)
    .text                                    0x00001554   Section        0  tasks.o(.text)
    prvInitialiseTaskLists                   0x00001555   Thumb Code    50  tasks.o(.text)
    prvAddNewTaskToReadyList                 0x00001587   Thumb Code   136  tasks.o(.text)
    prvInitialiseNewTask                     0x00001625   Thumb Code   150  tasks.o(.text)
    prvResetNextTaskUnblockTime              0x00001729   Thumb Code    44  tasks.o(.text)
    prvAddCurrentTaskToDelayedList           0x000019d3   Thumb Code   144  tasks.o(.text)
    prvTaskIsTaskSuspended                   0x00001ccb   Thumb Code    66  tasks.o(.text)
    prvCheckTasksWaitingTermination          0x00001e01   Thumb Code     2  tasks.o(.text)
    prvIdleTask                              0x00001e03   Thumb Code    46  tasks.o(.text)
    .text                                    0x0000271c   Section        0  port.o(.text)
    prvSetupTimerInterrupt                   0x0000279d   Thumb Code    60  port.o(.text)
    .text                                    0x00002874   Section        0  event_groups.o(.text)
    prvTestWaitCondition                     0x000029e9   Thumb Code    36  event_groups.o(.text)
    .text                                    0x00002b68   Section      212  rt_memcpy.o(.text)
    .text                                    0x00002c40   Section      100  rt_memcpy_w.o(.text)
    .text                                    0x00002ca4   Section      384  aeabi_sdiv.o(.text)
    __arm_div8                               0x00002cd0   ARM Code       0  aeabi_sdiv.o(.text)
    __arm_div5                               0x00002cf4   ARM Code       0  aeabi_sdiv.o(.text)
    __arm_div2                               0x00002d18   ARM Code       0  aeabi_sdiv.o(.text)
    __arm_div_large                          0x00002d54   ARM Code       0  aeabi_sdiv.o(.text)
    .text                                    0x00002e24   Section        0  heapauxi.o(.text)
    .text                                    0x00002e2c   Section       96  sys_stackheap_outer.o(.text)
    .text                                    0x00002e8c   Section        0  exit.o(.text)
    .text                                    0x00002ea0   Section       12  libspace.o(.text)
    .text                                    0x00002eb4   Section        0  sys_exit.o(.text)
    .text                                    0x00002ec0   Section        4  use_no_semi.o(.text)
    .text                                    0x00002ec4   Section        0  indicate_semi.o(.text)
    .text_udiv                               0x00002ec8   Section       36  aeabi_sdiv.o(.text_udiv)
    PORT_ASM                                 0x00002ef0   Section      396  portasm.o(PORT_ASM)
    i.__ARM_common_call_via_r1               0x00003084   Section        0  tasks.o(i.__ARM_common_call_via_r1)
    i.__ARM_common_disable_irq               0x0000308c   Section        0  tasks.o(i.__ARM_common_disable_irq)
    i.__ARM_common_enable_irq                0x000030a4   Section        0  port.o(i.__ARM_common_enable_irq)
    i.__ARM_common_switch8                   0x000030b8   Section        0  tasks.o(i.__ARM_common_switch8)
    x$fpl$ddiv                               0x000030dc   Section      736  ddiv.o(x$fpl$ddiv)
    ddiv_entry                               0x000030e4   ARM Code       0  ddiv.o(x$fpl$ddiv)
    x$fpl$dfixu                              0x000033c0   Section      112  dfixu.o(x$fpl$dfixu)
    x$fpl$dflt                               0x00003430   Section       88  dflt_noclz.o(x$fpl$dflt)
    x$fpl$dfltu                              0x0000348c   Section       12  dflt_noclz.o(x$fpl$dfltu)
    x$fpl$dnaninf                            0x00003498   Section      192  dnaninf.o(x$fpl$dnaninf)
    x$fpl$dretinf                            0x00003558   Section       16  dretinf.o(x$fpl$dretinf)
    x$fpl$fdiv                               0x0000356c   Section      400  fdiv.o(x$fpl$fdiv)
    _fdiv1                                   0x0000356c   ARM Code       0  fdiv.o(x$fpl$fdiv)
    x$fpl$fflt                               0x000036fc   Section       92  fflt_noclz.o(x$fpl$fflt)
    x$fpl$ffltu                              0x0000375c   Section        8  fflt_noclz.o(x$fpl$ffltu)
    x$fpl$fnaninf                            0x00003764   Section      168  fnaninf.o(x$fpl$fnaninf)
    x$fpl$fretinf                            0x0000380c   Section       16  fretinf.o(x$fpl$fretinf)
    x$fpl$usenofp                            0x0000381c   Section        0  usenofp.o(x$fpl$usenofp)
    .data                                    0x40000000   Section        4  serial.o(.data)
    .data                                    0x40000004   Section       44  main.o(.data)
    .data                                    0x40000030   Section       92  gpio_cfg.o(.data)
    .data                                    0x4000008c   Section        8  heap_1.o(.data)
    xNextFreeByte                            0x4000008c   Data           4  heap_1.o(.data)
    pucAlignedHeap                           0x40000090   Data           4  heap_1.o(.data)
    .data                                    0x40000094   Section       60  tasks.o(.data)
    pxDelayedTaskList                        0x40000098   Data           4  tasks.o(.data)
    pxOverflowDelayedTaskList                0x4000009c   Data           4  tasks.o(.data)
    uxCurrentNumberOfTasks                   0x400000a0   Data           4  tasks.o(.data)
    xTickCount                               0x400000a4   Data           4  tasks.o(.data)
    uxTopReadyPriority                       0x400000a8   Data           4  tasks.o(.data)
    xSchedulerRunning                        0x400000ac   Data           4  tasks.o(.data)
    xPendedTicks                             0x400000b0   Data           4  tasks.o(.data)
    xYieldPending                            0x400000b4   Data           4  tasks.o(.data)
    xNumOfOverflows                          0x400000b8   Data           4  tasks.o(.data)
    uxTaskNumber                             0x400000bc   Data           4  tasks.o(.data)
    xNextTaskUnblockTime                     0x400000c0   Data           4  tasks.o(.data)
    xIdleTaskHandle                          0x400000c4   Data           4  tasks.o(.data)
    uxSchedulerSuspended                     0x400000cc   Data           4  tasks.o(.data)
    .data                                    0x400000d0   Section        4  port.o(.data)
    .bss                                     0x400000d4   Section      200  serial.o(.bss)
    .bss                                     0x4000019c   Section    13312  heap_1.o(.bss)
    ucHeap                                   0x4000019c   Data       13312  heap_1.o(.bss)
    .bss                                     0x4000359c   Section      100  tasks.o(.bss)
    xReadyTasksListEDF                       0x4000359c   Data          20  tasks.o(.bss)
    xDelayedTaskList1                        0x400035b0   Data          20  tasks.o(.bss)
    xDelayedTaskList2                        0x400035c4   Data          20  tasks.o(.bss)
    xPendingReadyList                        0x400035d8   Data          20  tasks.o(.bss)
    xSuspendedTaskList                       0x400035ec   Data          20  tasks.o(.bss)
    .bss                                     0x40003600   Section       96  libspace.o(.bss)
    HEAP                                     0x40003660   Section        0  startup.o(HEAP)
    STACK                                    0x40003660   Section     1568  startup.o(STACK)
    Heap_Mem                                 0x40003660   Data           0  startup.o(HEAP)
    Stack_Mem                                0x40003660   Data        1568  startup.o(STACK)
    Stack_Top                                0x40003c80   Data           0  startup.o(STACK)

    Global Symbols

    Symbol Name                              Value     Ov Type        Size  Object(Section)

    BuildAttributes$$THM_ISAv1$ARM_ISAv4$S$PE$A:L22$X:L11$S22$IEEE1$IW$USESV6$~STKCKD$USESV7$~SHL$OSPACE$ROPI$EBA8$UX$STANDARDLIB$REQ8$PRES8$EABIv2 0x00000000   Number         0  anon$$obj.o ABSOLUTE
    __ARM_use_no_argv                        0x00000000   Number         0  main.o ABSOLUTE
    __ARM_exceptions_init                     - Undefined Weak Reference
    __alloca_initialize                       - Undefined Weak Reference
    __arm_preinit_                            - Undefined Weak Reference
    __cpp_initialize__aeabi_                  - Undefined Weak Reference
    __cxa_finalize                            - Undefined Weak Reference
    __rt_locale                               - Undefined Weak Reference
    __sigvec_lookup                           - Undefined Weak Reference
    _atexit_init                              - Undefined Weak Reference
    _call_atexit_fns                          - Undefined Weak Reference
    _clock_init                               - Undefined Weak Reference
    _fp_trap_init                             - Undefined Weak Reference
    _fp_trap_shutdown                         - Undefined Weak Reference
    _get_lc_collate                           - Undefined Weak Reference
    _get_lc_ctype                             - Undefined Weak Reference
    _get_lc_monetary                          - Undefined Weak Reference
    _get_lc_numeric                           - Undefined Weak Reference
    _get_lc_time                              - Undefined Weak Reference
    _getenv_init                              - Undefined Weak Reference
    _handle_redirection                       - Undefined Weak Reference
    _init_alloc                               - Undefined Weak Reference
    _init_user_alloc                          - Undefined Weak Reference
    _initio                                   - Undefined Weak Reference
    _rand_init                                - Undefined Weak Reference
    _signal_finish                            - Undefined Weak Reference
    _signal_init                              - Undefined Weak Reference
    _terminate_alloc                          - Undefined Weak Reference
    _terminate_user_alloc                     - Undefined Weak Reference
    _terminateio                              - Undefined Weak Reference
    Reset_Handler                            0x00000058   ARM Code       0  startup.o(RESET)
    __main                                   0x00000104   ARM Code       8  __main.o(!!!main)
    __scatterload                            0x0000010c   ARM Code       0  __scatter.o(!!!scatter)
    __scatterload_rt2                        0x0000010c   ARM Code      52  __scatter.o(!!!scatter)
    __scatterload_null                       0x00000120   ARM Code       0  __scatter.o(!!!scatter)
    __scatterload_copy                       0x00000148   ARM Code      40  __scatter_copy.o(!!handler_copy)
    __scatterload_zeroinit                   0x00000170   ARM Code      44  __scatter_zi.o(!!handler_zi)
    Inline ARM to Thumb Veneer to __rt_lib_init 0x0000019c   ARM Code       8  libinit.o(.ARM.Collect$$libinit$$00000000)
    __rt_lib_init                            0x000001a5   Thumb Code     0  libinit.o(.ARM.Collect$$libinit$$00000000)
    __rt_lib_init_alloca_1                   0x000001a7   Thumb Code     0  libinit2.o(.ARM.Collect$$libinit$$0000002E)
    __rt_lib_init_argv_1                     0x000001a7   Thumb Code     0  libinit2.o(.ARM.Collect$$libinit$$0000002C)
    __rt_lib_init_atexit_1                   0x000001a7   Thumb Code     0  libinit2.o(.ARM.Collect$$libinit$$0000001B)
    __rt_lib_init_clock_1                    0x000001a7   Thumb Code     0  libinit2.o(.ARM.Collect$$libinit$$00000021)
    __rt_lib_init_cpp_1                      0x000001a7   Thumb Code     0  libinit2.o(.ARM.Collect$$libinit$$00000032)
    __rt_lib_init_exceptions_1               0x000001a7   Thumb Code     0  libinit2.o(.ARM.Collect$$libinit$$00000030)
    __rt_lib_init_fp_1                       0x000001a7   Thumb Code     0  libinit2.o(.ARM.Collect$$libinit$$00000002)
    __rt_lib_init_fp_trap_1                  0x000001a7   Thumb Code     0  libinit2.o(.ARM.Collect$$libinit$$0000001F)
    __rt_lib_init_getenv_1                   0x000001a7   Thumb Code     0  libinit2.o(.ARM.Collect$$libinit$$00000023)
    __rt_lib_init_heap_1                     0x000001a7   Thumb Code     0  libinit2.o(.ARM.Collect$$libinit$$0000000A)
    __rt_lib_init_lc_collate_1               0x000001a7   Thumb Code     0  libinit2.o(.ARM.Collect$$libinit$$00000011)
    __rt_lib_init_lc_ctype_1                 0x000001a7   Thumb Code     0  libinit2.o(.ARM.Collect$$libinit$$00000013)
    __rt_lib_init_lc_monetary_1              0x000001a7   Thumb Code     0  libinit2.o(.ARM.Collect$$libinit$$00000015)
    __rt_lib_init_lc_numeric_1               0x000001a7   Thumb Code     0  libinit2.o(.ARM.Collect$$libinit$$00000017)
    __rt_lib_init_lc_time_1                  0x000001a7   Thumb Code     0  libinit2.o(.ARM.Collect$$libinit$$00000019)
    __rt_lib_init_preinit_1                  0x000001a7   Thumb Code     0  libinit2.o(.ARM.Collect$$libinit$$00000004)
    __rt_lib_init_rand_1                     0x000001a7   Thumb Code     0  libinit2.o(.ARM.Collect$$libinit$$0000000E)
    __rt_lib_init_return                     0x000001a7   Thumb Code     0  libinit2.o(.ARM.Collect$$libinit$$00000033)
    __rt_lib_init_signal_1                   0x000001a7   Thumb Code     0  libinit2.o(.ARM.Collect$$libinit$$0000001D)
    __rt_lib_init_stdio_1                    0x000001a7   Thumb Code     0  libinit2.o(.ARM.Collect$$libinit$$00000025)
    __rt_lib_init_user_alloc_1               0x000001a7   Thumb Code     0  libinit2.o(.ARM.Collect$$libinit$$0000000C)
    Inline ARM to Thumb Veneer to __rt_lib_shutdown 0x000001b4   ARM Code       8  libshutdown.o(.ARM.Collect$$libshutdown$$00000000)
    __rt_lib_shutdown                        0x000001bd   Thumb Code     0  libshutdown.o(.ARM.Collect$$libshutdown$$00000000)
    __rt_lib_shutdown_cpp_1                  0x000001c1   Thumb Code     0  libshutdown2.o(.ARM.Collect$$libshutdown$$00000002)
    __rt_lib_shutdown_fp_trap_1              0x000001c1   Thumb Code     0  libshutdown2.o(.ARM.Collect$$libshutdown$$00000007)
    __rt_lib_shutdown_heap_1                 0x000001c1   Thumb Code     0  libshutdown2.o(.ARM.Collect$$libshutdown$$0000000F)
    __rt_lib_shutdown_return                 0x000001c1   Thumb Code     0  libshutdown2.o(.ARM.Collect$$libshutdown$$00000010)
    __rt_lib_shutdown_signal_1               0x000001c1   Thumb Code     0  libshutdown2.o(.ARM.Collect$$libshutdown$$0000000A)
    __rt_lib_shutdown_stdio_1                0x000001c1   Thumb Code     0  libshutdown2.o(.ARM.Collect$$libshutdown$$00000004)
    __rt_lib_shutdown_user_alloc_1           0x000001c1   Thumb Code     0  libshutdown2.o(.ARM.Collect$$libshutdown$$0000000C)
    __rt_entry                               0x000001c8   ARM Code       0  __rtentry.o(.ARM.Collect$$rtentry$$00000000)
    __rt_entry_presh_1                       0x000001c8   ARM Code       0  __rtentry2.o(.ARM.Collect$$rtentry$$00000002)
    __rt_entry_sh                            0x000001c8   ARM Code       0  __rtentry4.o(.ARM.Collect$$rtentry$$00000004)
    __rt_entry_li                            0x000001d0   ARM Code       0  __rtentry2.o(.ARM.Collect$$rtentry$$0000000A)
    __rt_entry_postsh_1                      0x000001d0   ARM Code       0  __rtentry2.o(.ARM.Collect$$rtentry$$00000009)
    __rt_entry_main                          0x000001d4   ARM Code       0  __rtentry2.o(.ARM.Collect$$rtentry$$0000000D)
    __rt_entry_postli_1                      0x000001d4   ARM Code       0  __rtentry2.o(.ARM.Collect$$rtentry$$0000000C)
    Inline Thumb to ARM Veneer to __rt_exit  0x000001fd   Thumb Code     4  rtexit.o(.ARM.Collect$$rtexit$$00000000)
    __rt_exit                                0x00000200   ARM Code       0  rtexit.o(.ARM.Collect$$rtexit$$00000000)
    __rt_exit_ls                             0x00000204   ARM Code       0  rtexit2.o(.ARM.Collect$$rtexit$$00000003)
    __rt_exit_prels_1                        0x00000204   ARM Code       0  rtexit2.o(.ARM.Collect$$rtexit$$00000002)
    __rt_exit_exit                           0x00000208   ARM Code       0  rtexit2.o(.ARM.Collect$$rtexit$$00000004)
    __user_initial_stackheap                 0x00000210   ARM Code       0  startup.o(.text)
    xSerialPortInitMinimal                   0x00000231   Thumb Code   124  serial.o(.text)
    xSerialGetChar                           0x000002ad   Thumb Code    34  serial.o(.text)
    xSerialPutChar                           0x000002cf   Thumb Code     6  serial.o(.text)
    vSerialPutString                         0x000002d5   Thumb Code    84  serial.o(.text)
    vUART_ISRHandler                         0x00000329   Thumb Code   120  serial.o(.text)
    vUART_ISREntry                           0x000003d0   ARM Code       0  serialisr.o(.text)
    timer1Reset                              0x00000465   Thumb Code    26  main.o(.text)
    main                                     0x00000697   Thumb Code   244  main.o(.text)
    saveCPU_Time                             0x0000078b   Thumb Code    24  main.o(.text)
    vApplicationTickHook                     0x000007a3   Thumb Code   126  main.o(.text)
    GPIO_init                                0x000008dd   Thumb Code   196  gpio.o(.text)
    GPIO_read                                0x000009a1   Thumb Code    40  gpio.o(.text)
    GPIO_write                               0x000009c9   Thumb Code    96  gpio.o(.text)
    pvPortMalloc                             0x00000a35   Thumb Code   124  heap_1.o(.text)
    vPortFree                                0x00000ab1   Thumb Code     2  heap_1.o(.text)
    vPortInitialiseBlocks                    0x00000ab3   Thumb Code     8  heap_1.o(.text)
    xPortGetFreeHeapSize                     0x00000abb   Thumb Code    10  heap_1.o(.text)
    vListInitialise                          0x00000ad5   Thumb Code    26  list.o(.text)
    vListInitialiseItem                      0x00000aef   Thumb Code     6  list.o(.text)
    vListInsertEnd                           0x00000af5   Thumb Code    24  list.o(.text)
    vListInsert                              0x00000b0d   Thumb Code    56  list.o(.text)
    uxListRemove                             0x00000b45   Thumb Code    40  list.o(.text)
    xQueueGenericReset                       0x00000b6d   Thumb Code   152  queue.o(.text)
    xQueueGenericCreate                      0x00000c2f   Thumb Code    90  queue.o(.text)
    xQueueGenericSend                        0x00000e21   Thumb Code   292  queue.o(.text)
    xQueueGenericSendFromISR                 0x00000f45   Thumb Code   162  queue.o(.text)
    xQueueGiveFromISR                        0x00000fe7   Thumb Code   134  queue.o(.text)
    xQueueReceive                            0x000010bd   Thumb Code   242  queue.o(.text)
    xQueueSemaphoreTake                      0x000011af   Thumb Code   234  queue.o(.text)
    xQueuePeek                               0x00001299   Thumb Code   246  queue.o(.text)
    xQueueReceiveFromISR                     0x0000138f   Thumb Code   118  queue.o(.text)
    xQueuePeekFromISR                        0x00001405   Thumb Code    44  queue.o(.text)
    uxQueueMessagesWaiting                   0x00001431   Thumb Code    22  queue.o(.text)
    uxQueueSpacesAvailable                   0x00001447   Thumb Code    28  queue.o(.text)
    uxQueueMessagesWaitingFromISR            0x00001463   Thumb Code     8  queue.o(.text)
    vQueueDelete                             0x0000146b   Thumb Code    18  queue.o(.text)
    xQueueIsQueueEmptyFromISR                0x0000147d   Thumb Code    18  queue.o(.text)
    xQueueIsQueueFullFromISR                 0x0000148f   Thumb Code    24  queue.o(.text)
    xQueueCreateSet                          0x000014a7   Thumb Code    24  queue.o(.text)
    xQueueAddToSet                           0x000014bf   Thumb Code    46  queue.o(.text)
    xQueueRemoveFromSet                      0x000014ed   Thumb Code    50  queue.o(.text)
    xQueueSelectFromSet                      0x0000151f   Thumb Code    28  queue.o(.text)
    xQueueSelectFromSetFromISR               0x0000153b   Thumb Code    26  queue.o(.text)
    xTaskGetTickCount                        0x0000160f   Thumb Code    22  tasks.o(.text)
    xTaskPeriodicCreate                      0x000016bb   Thumb Code   110  tasks.o(.text)
    xTaskIncrementTick                       0x00001755   Thumb Code   316  tasks.o(.text)
    xTaskResumeAll                           0x00001891   Thumb Code   322  tasks.o(.text)
    vTaskSuspendAll                          0x00001a63   Thumb Code    12  tasks.o(.text)
    xTaskDelayUntil                          0x00001a6f   Thumb Code    98  tasks.o(.text)
    vTaskDelay                               0x00001ad1   Thumb Code    42  tasks.o(.text)
    vTaskSwitchContext                       0x00001afb   Thumb Code   310  tasks.o(.text)
    vTaskSuspend                             0x00001c31   Thumb Code   154  tasks.o(.text)
    vTaskResume                              0x00001d0d   Thumb Code    88  tasks.o(.text)
    xTaskResumeFromISR                       0x00001d65   Thumb Code   156  tasks.o(.text)
    vTaskStartScheduler                      0x00001e31   Thumb Code   202  tasks.o(.text)
    vTaskEndScheduler                        0x00001efb   Thumb Code    22  tasks.o(.text)
    xTaskGetTickCountFromISR                 0x00001f11   Thumb Code     8  tasks.o(.text)
    uxTaskGetNumberOfTasks                   0x00001f19   Thumb Code     6  tasks.o(.text)
    pcTaskGetName                            0x00001f1f   Thumb Code    22  tasks.o(.text)
    xTaskCatchUpTicks                        0x00001f35   Thumb Code    32  tasks.o(.text)
    vTaskSetApplicationTaskTag               0x00001f55   Thumb Code    34  tasks.o(.text)
    xTaskGetApplicationTaskTag               0x00001f77   Thumb Code    36  tasks.o(.text)
    xTaskGetApplicationTaskTagFromISR        0x00001f9b   Thumb Code    26  tasks.o(.text)
    xTaskCallApplicationTaskHook             0x00001fb5   Thumb Code    46  tasks.o(.text)
    vTaskPlaceOnEventList                    0x00001fe3   Thumb Code    32  tasks.o(.text)
    vTaskPlaceOnUnorderedEventList           0x00002003   Thumb Code    80  tasks.o(.text)
    xTaskRemoveFromEventList                 0x00002053   Thumb Code   182  tasks.o(.text)
    vTaskRemoveFromUnorderedEventList        0x00002109   Thumb Code   134  tasks.o(.text)
    vTaskSetTimeOutState                     0x0000218f   Thumb Code    98  tasks.o(.text)
    vTaskInternalSetTimeOutState             0x000021f1   Thumb Code    14  tasks.o(.text)
    xTaskCheckForTimeOut                     0x000021ff   Thumb Code    94  tasks.o(.text)
    vTaskMissedYield                         0x0000225d   Thumb Code     8  tasks.o(.text)
    uxTaskResetEventItemValue                0x00002265   Thumb Code    24  tasks.o(.text)
    ulTaskGenericNotifyTake                  0x0000227d   Thumb Code   124  tasks.o(.text)
    xTaskGenericNotifyWait                   0x000022f9   Thumb Code   152  tasks.o(.text)
    xTaskGenericNotify                       0x00002391   Thumb Code   242  tasks.o(.text)
    xTaskGenericNotifyFromISR                0x00002483   Thumb Code   296  tasks.o(.text)
    vTaskGenericNotifyGiveFromISR            0x000025ab   Thumb Code   222  tasks.o(.text)
    xTaskGenericNotifyStateClear             0x00002689   Thumb Code    60  tasks.o(.text)
    ulTaskGenericNotifyValueClear            0x000026c5   Thumb Code    66  tasks.o(.text)
    pxPortInitialiseStack                    0x0000271d   Thumb Code   128  port.o(.text)
    xPortStartScheduler                      0x000027d9   Thumb Code    18  port.o(.text)
    vPortEndScheduler                        0x000027eb   Thumb Code     2  port.o(.text)
    vPortEnterCritical                       0x000027ed   Thumb Code    22  port.o(.text)
    vPortExitCritical                        0x00002803   Thumb Code    38  port.o(.text)
    xEventGroupCreate                        0x00002875   Thumb Code    32  event_groups.o(.text)
    xEventGroupSetBits                       0x00002895   Thumb Code   170  event_groups.o(.text)
    xEventGroupSync                          0x0000293f   Thumb Code   170  event_groups.o(.text)
    xEventGroupWaitBits                      0x00002a0d   Thumb Code   210  event_groups.o(.text)
    xEventGroupClearBits                     0x00002adf   Thumb Code    32  event_groups.o(.text)
    xEventGroupGetBitsFromISR                0x00002aff   Thumb Code    14  event_groups.o(.text)
    vEventGroupDelete                        0x00002b0d   Thumb Code    46  event_groups.o(.text)
    vEventGroupSetBitsCallback               0x00002b3b   Thumb Code    20  event_groups.o(.text)
    vEventGroupClearBitsCallback             0x00002b4f   Thumb Code    20  event_groups.o(.text)
    Inline Thumb to ARM Veneer to __aeabi_memcpy 0x00002b65   Thumb Code     4  rt_memcpy.o(.text)
    __aeabi_memcpy                           0x00002b68   ARM Code       0  rt_memcpy.o(.text)
    __rt_memcpy                              0x00002b68   ARM Code     212  rt_memcpy.o(.text)
    _memcpy_lastbytes                        0x00002c1c   ARM Code       0  rt_memcpy.o(.text)
    Inline Thumb to ARM Veneer to __aeabi_memcpy4 0x00002c3d   Thumb Code     4  rt_memcpy_w.o(.text)
    __aeabi_memcpy4                          0x00002c40   ARM Code       0  rt_memcpy_w.o(.text)
    __aeabi_memcpy8                          0x00002c40   ARM Code       0  rt_memcpy_w.o(.text)
    __rt_memcpy_w                            0x00002c40   ARM Code     100  rt_memcpy_w.o(.text)
    _memcpy_lastbytes_aligned                0x00002c8c   ARM Code       0  rt_memcpy_w.o(.text)
    __aeabi_idiv                             0x00002ca4   ARM Code       0  aeabi_sdiv.o(.text)
    __aeabi_idivmod                          0x00002ca4   ARM Code     384  aeabi_sdiv.o(.text)
    __use_two_region_memory                  0x00002e25   Thumb Code     2  heapauxi.o(.text)
    __rt_heap_escrow$2region                 0x00002e27   Thumb Code     2  heapauxi.o(.text)
    __rt_heap_expand$2region                 0x00002e29   Thumb Code     2  heapauxi.o(.text)
    __user_setup_stackheap                   0x00002e2c   ARM Code      96  sys_stackheap_outer.o(.text)
    exit                                     0x00002e8d   Thumb Code    20  exit.o(.text)
    __user_libspace                          0x00002ea0   ARM Code      12  libspace.o(.text)
    __user_perproc_libspace                  0x00002ea0   ARM Code       0  libspace.o(.text)
    __user_perthread_libspace                0x00002ea0   ARM Code       0  libspace.o(.text)
    Inline ARM to Thumb Veneer to _sys_exit  0x00002eac   ARM Code       8  sys_exit.o(.text)
    _sys_exit                                0x00002eb5   Thumb Code     8  sys_exit.o(.text)
    __I$use$semihosting                      0x00002ec0   ARM Code       0  use_no_semi.o(.text)
    __use_no_semihosting_swi                 0x00002ec0   ARM Code       4  use_no_semi.o(.text)
    Inline Thumb to ARM Veneer to __aeabi_uidivmod 0x00002ec5   Thumb Code     4  aeabi_sdiv.o(.text_udiv)
    __semihosting_library_function           0x00002ec4   ARM Code       0  indicate_semi.o(.text)
    __aeabi_uidiv                            0x00002ec8   ARM Code       0  aeabi_sdiv.o(.text_udiv)
    __aeabi_uidivmod                         0x00002ec8   ARM Code      36  aeabi_sdiv.o(.text_udiv)
    Inline Thumb to ARM Veneer to vPortStartFirstTask 0x00002eed   Thumb Code     4  portasm.o(PORT_ASM)
    vPortStartFirstTask                      0x00002ef0   ARM Code       0  portasm.o(PORT_ASM)
    vPortYield                               0x00002f20   ARM Code       0  portasm.o(PORT_ASM)
    vPortYieldProcessor                      0x00002f28   ARM Code       0  portasm.o(PORT_ASM)
    vPreemptiveTick                          0x00002fb4   ARM Code       0  portasm.o(PORT_ASM)
    Short Thumb to ARM Veneer to vPortYield  0x0000307d   Thumb Code     8  anon$$obj.o(Veneer$$Code)
    __ARM_common_call_via_r1                 0x00003085   Thumb Code     2  tasks.o(i.__ARM_common_call_via_r1)
    Inline Thumb to ARM Veneer to __ARM_common_disable_irq 0x00003089   Thumb Code     4  tasks.o(i.__ARM_common_disable_irq)
    __ARM_common_disable_irq                 0x0000308c   ARM Code      20  tasks.o(i.__ARM_common_disable_irq)
    Inline Thumb to ARM Veneer to __ARM_common_enable_irq 0x000030a1   Thumb Code     4  port.o(i.__ARM_common_enable_irq)
    __ARM_common_enable_irq                  0x000030a4   ARM Code      16  port.o(i.__ARM_common_enable_irq)
    Inline Thumb to ARM Veneer to __ARM_common_switch8 0x000030b5   Thumb Code     4  tasks.o(i.__ARM_common_switch8)
    __ARM_common_switch8                     0x000030b8   ARM Code      32  tasks.o(i.__ARM_common_switch8)
    Inline Thumb to ARM Veneer to __aeabi_ddiv 0x000030d9   Thumb Code     4  ddiv.o(x$fpl$ddiv)
    __aeabi_ddiv                             0x000030dc   ARM Code       0  ddiv.o(x$fpl$ddiv)
    _ddiv                                    0x000030dc   ARM Code     600  ddiv.o(x$fpl$ddiv)
    Inline Thumb to ARM Veneer to __aeabi_d2uiz 0x000033bd   Thumb Code     4  dfixu.o(x$fpl$dfixu)
    __aeabi_d2uiz                            0x000033c0   ARM Code       0  dfixu.o(x$fpl$dfixu)
    _dfixu                                   0x000033c0   ARM Code     112  dfixu.o(x$fpl$dfixu)
    __aeabi_i2d                              0x00003430   ARM Code       0  dflt_noclz.o(x$fpl$dflt)
    _dflt                                    0x00003430   ARM Code      88  dflt_noclz.o(x$fpl$dflt)
    __dflt_normalise                         0x00003440   ARM Code       0  dflt_noclz.o(x$fpl$dflt)
    Inline Thumb to ARM Veneer to __aeabi_ui2d 0x00003489   Thumb Code     4  dflt_noclz.o(x$fpl$dfltu)
    __aeabi_ui2d                             0x0000348c   ARM Code       0  dflt_noclz.o(x$fpl$dfltu)
    _dfltu                                   0x0000348c   ARM Code      12  dflt_noclz.o(x$fpl$dfltu)
    __fpl_dnaninf                            0x00003498   ARM Code     192  dnaninf.o(x$fpl$dnaninf)
    __fpl_dretinf                            0x00003558   ARM Code      16  dretinf.o(x$fpl$dretinf)
    Inline Thumb to ARM Veneer to __aeabi_fdiv 0x00003569   Thumb Code     4  fdiv.o(x$fpl$fdiv)
    __aeabi_fdiv                             0x0000356c   ARM Code       0  fdiv.o(x$fpl$fdiv)
    _fdiv                                    0x0000356c   ARM Code     396  fdiv.o(x$fpl$fdiv)
    __aeabi_i2f                              0x000036fc   ARM Code       0  fflt_noclz.o(x$fpl$fflt)
    _fflt                                    0x000036fc   ARM Code      92  fflt_noclz.o(x$fpl$fflt)
    __fflt_normalise                         0x00003708   ARM Code       0  fflt_noclz.o(x$fpl$fflt)
    Inline Thumb to ARM Veneer to __aeabi_ui2f 0x00003759   Thumb Code     4  fflt_noclz.o(x$fpl$ffltu)
    __aeabi_ui2f                             0x0000375c   ARM Code       0  fflt_noclz.o(x$fpl$ffltu)
    _ffltu                                   0x0000375c   ARM Code       8  fflt_noclz.o(x$fpl$ffltu)
    __fpl_fnaninf                            0x00003764   ARM Code     168  fnaninf.o(x$fpl$fnaninf)
    __fpl_fretinf                            0x0000380c   ARM Code      16  fretinf.o(x$fpl$fretinf)
    Region$$Table$$Base                      0x0000381c   Number         0  anon$$obj.o(Region$$Table)
    __I$use$fp                               0x0000381c   Number         0  usenofp.o(x$fpl$usenofp)
    Region$$Table$$Limit                     0x0000383c   Number         0  anon$$obj.o(Region$$Table)
    receivedChar                             0x40000000   Data           1  serial.o(.data)
    isNewCharAvailable                       0x40000001   Data           1  serial.o(.data)
    txDataSizeToSend                         0x40000002   Data           1  serial.o(.data)
    txDataSizeLeftToSend                     0x40000003   Data           1  serial.o(.data)
    t1                                       0x40000004   Data           4  main.o(.data)
    t2                                       0x40000008   Data           4  main.o(.data)
    t3                                       0x4000000c   Data           4  main.o(.data)
    t4                                       0x40000010   Data           4  main.o(.data)
    t5                                       0x40000014   Data           4  main.o(.data)
    t6                                       0x40000018   Data           4  main.o(.data)
    EventGrHandle                            0x4000001c   Data           4  main.o(.data)
    msgQueueHandle                           0x40000020   Data           4  main.o(.data)
    cpuIdleTme                               0x40000024   Data           4  main.o(.data)
    hperPeriodTick                           0x40000028   Data           4  main.o(.data)
    cpuLoad                                  0x4000002c   Data           4  main.o(.data)
    PinConfig_array                          0x40000030   Data          90  gpio_cfg.o(.data)
    PinConfig_array_size                     0x4000008a   Data           2  gpio_cfg.o(.data)
    pxCurrentTCB                             0x40000094   Data           4  tasks.o(.data)
    uxTopUsedPriority                        0x400000c8   Data           4  tasks.o(.data)
    ulCriticalNesting                        0x400000d0   Data           4  port.o(.data)
    txBuffer                                 0x400000d4   Data         200  serial.o(.bss)
    __libspace_start                         0x40003600   Data          96  libspace.o(.bss)
    __temporary_stack_top$libspace           0x40003660   Data           0  libspace.o(.bss)



==============================================================================

Memory Map of the image

  Image Entry point : 0x00000104

  Load Region LR_IROM1 (Base: 0x00000000, Size: 0x00003910, Max: 0x00040000, ABSOLUTE)

    Execution Region ER_IROM1 (Exec base: 0x00000000, Load base: 0x00000000, Size: 0x0000383c, Max: 0x00040000, ABSOLUTE)

    Exec Addr    Load Addr    Size         Type   Attr      Idx    E Section Name        Object

    0x00000000   0x00000000   0x00000104   Code   RO            3    RESET               startup.o
    0x00000104   0x00000104   0x00000008   Code   RO          295  * !!!main             c_t.l(__main.o)
    0x0000010c   0x0000010c   0x0000003c   Code   RO          493    !!!scatter          c_t.l(__scatter.o)
    0x00000148   0x00000148   0x00000028   Code   RO          495    !!handler_copy      c_t.l(__scatter_copy.o)
    0x00000170   0x00000170   0x0000002c   Code   RO          497    !!handler_zi        c_t.l(__scatter_zi.o)
    0x0000019c   0x0000019c   0x00000008   Ven    RO          361    .ARM.Collect$$libinit$$00000000  c_t.l(libinit.o)
    0x000001a4   0x000001a4   0x00000002   Code   RO          361    .ARM.Collect$$libinit$$00000000  c_t.l(libinit.o)
    0x000001a6   0x000001a6   0x00000000   Code   RO          374    .ARM.Collect$$libinit$$00000002  c_t.l(libinit2.o)
    0x000001a6   0x000001a6   0x00000000   Code   RO          376    .ARM.Collect$$libinit$$00000004  c_t.l(libinit2.o)
    0x000001a6   0x000001a6   0x00000000   Code   RO          379    .ARM.Collect$$libinit$$0000000A  c_t.l(libinit2.o)
    0x000001a6   0x000001a6   0x00000000   Code   RO          381    .ARM.Collect$$libinit$$0000000C  c_t.l(libinit2.o)
    0x000001a6   0x000001a6   0x00000000   Code   RO          383    .ARM.Collect$$libinit$$0000000E  c_t.l(libinit2.o)
    0x000001a6   0x000001a6   0x00000000   Code   RO          386    .ARM.Collect$$libinit$$00000011  c_t.l(libinit2.o)
    0x000001a6   0x000001a6   0x00000000   Code   RO          388    .ARM.Collect$$libinit$$00000013  c_t.l(libinit2.o)
    0x000001a6   0x000001a6   0x00000000   Code   RO          390    .ARM.Collect$$libinit$$00000015  c_t.l(libinit2.o)
    0x000001a6   0x000001a6   0x00000000   Code   RO          392    .ARM.Collect$$libinit$$00000017  c_t.l(libinit2.o)
    0x000001a6   0x000001a6   0x00000000   Code   RO          394    .ARM.Collect$$libinit$$00000019  c_t.l(libinit2.o)
    0x000001a6   0x000001a6   0x00000000   Code   RO          396    .ARM.Collect$$libinit$$0000001B  c_t.l(libinit2.o)
    0x000001a6   0x000001a6   0x00000000   Code   RO          398    .ARM.Collect$$libinit$$0000001D  c_t.l(libinit2.o)
    0x000001a6   0x000001a6   0x00000000   Code   RO          400    .ARM.Collect$$libinit$$0000001F  c_t.l(libinit2.o)
    0x000001a6   0x000001a6   0x00000000   Code   RO          402    .ARM.Collect$$libinit$$00000021  c_t.l(libinit2.o)
    0x000001a6   0x000001a6   0x00000000   Code   RO          404    .ARM.Collect$$libinit$$00000023  c_t.l(libinit2.o)
    0x000001a6   0x000001a6   0x00000000   Code   RO          406    .ARM.Collect$$libinit$$00000025  c_t.l(libinit2.o)
    0x000001a6   0x000001a6   0x00000000   Code   RO          410    .ARM.Collect$$libinit$$0000002C  c_t.l(libinit2.o)
    0x000001a6   0x000001a6   0x00000000   Code   RO          412    .ARM.Collect$$libinit$$0000002E  c_t.l(libinit2.o)
    0x000001a6   0x000001a6   0x00000000   Code   RO          414    .ARM.Collect$$libinit$$00000030  c_t.l(libinit2.o)
    0x000001a6   0x000001a6   0x00000000   Code   RO          416    .ARM.Collect$$libinit$$00000032  c_t.l(libinit2.o)
    0x000001a6   0x000001a6   0x0000000c   Code   RO          417    .ARM.Collect$$libinit$$00000033  c_t.l(libinit2.o)
    0x000001b2   0x000001b2   0x00000002   PAD
    0x000001b4   0x000001b4   0x00000008   Ven    RO          450    .ARM.Collect$$libshutdown$$00000000  c_t.l(libshutdown.o)
    0x000001bc   0x000001bc   0x00000004   Code   RO          450    .ARM.Collect$$libshutdown$$00000000  c_t.l(libshutdown.o)
    0x000001c0   0x000001c0   0x00000000   Code   RO          476    .ARM.Collect$$libshutdown$$00000002  c_t.l(libshutdown2.o)
    0x000001c0   0x000001c0   0x00000000   Code   RO          478    .ARM.Collect$$libshutdown$$00000004  c_t.l(libshutdown2.o)
    0x000001c0   0x000001c0   0x00000000   Code   RO          481    .ARM.Collect$$libshutdown$$00000007  c_t.l(libshutdown2.o)
    0x000001c0   0x000001c0   0x00000000   Code   RO          484    .ARM.Collect$$libshutdown$$0000000A  c_t.l(libshutdown2.o)
    0x000001c0   0x000001c0   0x00000000   Code   RO          486    .ARM.Collect$$libshutdown$$0000000C  c_t.l(libshutdown2.o)
    0x000001c0   0x000001c0   0x00000000   Code   RO          489    .ARM.Collect$$libshutdown$$0000000F  c_t.l(libshutdown2.o)
    0x000001c0   0x000001c0   0x00000006   Code   RO          490    .ARM.Collect$$libshutdown$$00000010  c_t.l(libshutdown2.o)
    0x000001c6   0x000001c6   0x00000002   PAD
    0x000001c8   0x000001c8   0x00000000   Code   RO          317    .ARM.Collect$$rtentry$$00000000  c_t.l(__rtentry.o)
    0x000001c8   0x000001c8   0x00000000   Code   RO          332    .ARM.Collect$$rtentry$$00000002  c_t.l(__rtentry2.o)
    0x000001c8   0x000001c8   0x00000008   Code   RO          344    .ARM.Collect$$rtentry$$00000004  c_t.l(__rtentry4.o)
    0x000001d0   0x000001d0   0x00000000   Code   RO          334    .ARM.Collect$$rtentry$$00000009  c_t.l(__rtentry2.o)
    0x000001d0   0x000001d0   0x00000004   Code   RO          335    .ARM.Collect$$rtentry$$0000000A  c_t.l(__rtentry2.o)
    0x000001d4   0x000001d4   0x00000000   Code   RO          337    .ARM.Collect$$rtentry$$0000000C  c_t.l(__rtentry2.o)
    0x000001d4   0x000001d4   0x00000028   Code   RO          338    .ARM.Collect$$rtentry$$0000000D  c_t.l(__rtentry2.o)
    0x000001fc   0x000001fc   0x00000004   Ven    RO          365    .ARM.Collect$$rtexit$$00000000  c_t.l(rtexit.o)
    0x00000200   0x00000200   0x00000004   Code   RO          365    .ARM.Collect$$rtexit$$00000000  c_t.l(rtexit.o)
    0x00000204   0x00000204   0x00000000   Code   RO          421    .ARM.Collect$$rtexit$$00000002  c_t.l(rtexit2.o)
    0x00000204   0x00000204   0x00000004   Code   RO          422    .ARM.Collect$$rtexit$$00000003  c_t.l(rtexit2.o)
    0x00000208   0x00000208   0x00000008   Code   RO          423    .ARM.Collect$$rtexit$$00000004  c_t.l(rtexit2.o)
    0x00000210   0x00000210   0x00000020   Code   RO            4    .text               startup.o
    0x00000230   0x00000230   0x000001a0   Code   RO           61    .text               serial.o
    0x000003d0   0x000003d0   0x00000094   Code   RO          101    .text               serialisr.o
    0x00000464   0x00000464   0x00000478   Code   RO          104    .text               main.o
    0x000008dc   0x000008dc   0x00000158   Code   RO          132    .text               gpio.o
    0x00000a34   0x00000a34   0x000000a0   Code   RO          163    .text               heap_1.o
    0x00000ad4   0x00000ad4   0x00000098   Code   RO          178    .text               list.o
    0x00000b6c   0x00000b6c   0x000009e8   Code   RO          190    .text               queue.o
    0x00001554   0x00001554   0x000011c8   Code   RO          208    .text               tasks.o
    0x0000271c   0x0000271c   0x00000158   Code   RO          236    .text               port.o
    0x00002874   0x00002874   0x000002ee   Code   RO          256    .text               event_groups.o
    0x00002b62   0x00002b62   0x00000002   PAD
    0x00002b64   0x00002b64   0x00000004   Ven    RO          273    .text               c_t.l(rt_memcpy.o)
    0x00002b68   0x00002b68   0x000000d4   Code   RO          273    .text               c_t.l(rt_memcpy.o)
    0x00002c3c   0x00002c3c   0x00000004   Ven    RO          275    .text               c_t.l(rt_memcpy_w.o)
    0x00002c40   0x00002c40   0x00000064   Code   RO          275    .text               c_t.l(rt_memcpy_w.o)
    0x00002ca4   0x00002ca4   0x00000180   Code   RO          277    .text               c_t.l(aeabi_sdiv.o)
    0x00002e24   0x00002e24   0x00000006   Code   RO          293    .text               c_t.l(heapauxi.o)
    0x00002e2a   0x00002e2a   0x00000002   PAD
    0x00002e2c   0x00002e2c   0x00000060   Code   RO          348    .text               c_t.l(sys_stackheap_outer.o)
    0x00002e8c   0x00002e8c   0x00000014   Code   RO          350    .text               c_t.l(exit.o)
    0x00002ea0   0x00002ea0   0x0000000c   Code   RO          362    .text               c_t.l(libspace.o)
    0x00002eac   0x00002eac   0x00000008   Ven    RO          418    .text               c_t.l(sys_exit.o)
    0x00002eb4   0x00002eb4   0x0000000c   Code   RO          418    .text               c_t.l(sys_exit.o)
    0x00002ec0   0x00002ec0   0x00000004   Code   RO          439    .text               c_t.l(use_no_semi.o)
    0x00002ec4   0x00002ec4   0x00000000   Code   RO          441    .text               c_t.l(indicate_semi.o)
    0x00002ec4   0x00002ec4   0x00000004   Ven    RO          278    .text_udiv          c_t.l(aeabi_sdiv.o)
    0x00002ec8   0x00002ec8   0x00000024   Code   RO          278    .text_udiv          c_t.l(aeabi_sdiv.o)
    0x00002eec   0x00002eec   0x00000004   Ven    RO          253    PORT_ASM            portasm.o
    0x00002ef0   0x00002ef0   0x0000018c   Code   RO          253    PORT_ASM            portasm.o
    0x0000307c   0x0000307c   0x00000008   Ven    RO          515    Veneer$$Code        anon$$obj.o
    0x00003084   0x00003084   0x00000002   Code   RO          223    i.__ARM_common_call_via_r1  tasks.o
    0x00003086   0x00003086   0x00000002   PAD
    0x00003088   0x00003088   0x00000004   Ven    RO          225    i.__ARM_common_disable_irq  tasks.o
    0x0000308c   0x0000308c   0x00000014   Code   RO          225    i.__ARM_common_disable_irq  tasks.o
    0x000030a0   0x000030a0   0x00000004   Ven    RO          248    i.__ARM_common_enable_irq  port.o
    0x000030a4   0x000030a4   0x00000010   Code   RO          248    i.__ARM_common_enable_irq  port.o
    0x000030b4   0x000030b4   0x00000004   Ven    RO          221    i.__ARM_common_switch8  tasks.o
    0x000030b8   0x000030b8   0x00000020   Code   RO          221    i.__ARM_common_switch8  tasks.o
    0x000030d8   0x000030d8   0x00000004   Ven    RO          298    x$fpl$ddiv          fz_ts.l(ddiv.o)
    0x000030dc   0x000030dc   0x000002e0   Code   RO          298    x$fpl$ddiv          fz_ts.l(ddiv.o)
    0x000033bc   0x000033bc   0x00000004   Ven    RO          301    x$fpl$dfixu         fz_ts.l(dfixu.o)
    0x000033c0   0x000033c0   0x00000070   Code   RO          301    x$fpl$dfixu         fz_ts.l(dfixu.o)
    0x00003430   0x00003430   0x00000058   Code   RO          306    x$fpl$dflt          fz_ts.l(dflt_noclz.o)
    0x00003488   0x00003488   0x00000004   Ven    RO          305    x$fpl$dfltu         fz_ts.l(dflt_noclz.o)
    0x0000348c   0x0000348c   0x0000000c   Code   RO          305    x$fpl$dfltu         fz_ts.l(dflt_noclz.o)
    0x00003498   0x00003498   0x000000c0   Code   RO          322    x$fpl$dnaninf       fz_ts.l(dnaninf.o)
    0x00003558   0x00003558   0x00000010   Code   RO          324    x$fpl$dretinf       fz_ts.l(dretinf.o)
    0x00003568   0x00003568   0x00000004   Ven    RO          310    x$fpl$fdiv          fz_ts.l(fdiv.o)
    0x0000356c   0x0000356c   0x00000190   Code   RO          310    x$fpl$fdiv          fz_ts.l(fdiv.o)
    0x000036fc   0x000036fc   0x0000005c   Code   RO          314    x$fpl$fflt          fz_ts.l(fflt_noclz.o)
    0x00003758   0x00003758   0x00000004   Ven    RO          313    x$fpl$ffltu         fz_ts.l(fflt_noclz.o)
    0x0000375c   0x0000375c   0x00000008   Code   RO          313    x$fpl$ffltu         fz_ts.l(fflt_noclz.o)
    0x00003764   0x00003764   0x000000a8   Code   RO          326    x$fpl$fnaninf       fz_ts.l(fnaninf.o)
    0x0000380c   0x0000380c   0x00000010   Code   RO          328    x$fpl$fretinf       fz_ts.l(fretinf.o)
    0x0000381c   0x0000381c   0x00000000   Code   RO          330    x$fpl$usenofp       fz_ts.l(usenofp.o)
    0x0000381c   0x0000381c   0x00000020   Data   RO          491    Region$$Table       anon$$obj.o


    Execution Region RW_IRAM1 (Exec base: 0x40000000, Load base: 0x0000383c, Size: 0x00003c80, Max: 0x00004000, ABSOLUTE)

    Exec Addr    Load Addr    Size         Type   Attr      Idx    E Section Name        Object

    0x40000000   0x0000383c   0x00000004   Data   RW           63    .data               serial.o
    0x40000004   0x00003840   0x0000002c   Data   RW          105    .data               main.o
    0x40000030   0x0000386c   0x0000005c   Data   RW          151    .data               gpio_cfg.o
    0x4000008c   0x000038c8   0x00000008   Data   RW          165    .data               heap_1.o
    0x40000094   0x000038d0   0x0000003c   Data   RW          210    .data               tasks.o
    0x400000d0   0x0000390c   0x00000004   Data   RW          237    .data               port.o
    0x400000d4        -       0x000000c8   Zero   RW           62    .bss                serial.o
    0x4000019c        -       0x00003400   Zero   RW          164    .bss                heap_1.o
    0x4000359c        -       0x00000064   Zero   RW          209    .bss                tasks.o
    0x40003600        -       0x00000060   Zero   RW          363    .bss                c_t.l(libspace.o)
    0x40003660        -       0x00000000   Zero   RW            2    HEAP                startup.o
    0x40003660        -       0x00000620   Zero   RW            1    STACK               startup.o


==============================================================================

Image component sizes


      Code (inc. data)   RO Data    RW Data    ZI Data      Debug   Object Name

       750          0          0          0          0       6760   event_groups.o
       344         12          0          0          0       1073   gpio.o
         0          0          0         92          0       1155   gpio_cfg.o
       160         16          0          8      13312       2076   heap_1.o
       152          0          0          0          0       2042   list.o
      1144        188          0         44          0       4128   main.o
         0          0          0          0          0       8640   partest.o
       360         76          0          4          0       3167   port.o
       396         24          0          0          0        380   portasm.o
      2536          0          0          0          0      16684   queue.o
       416         48          0          4        200      17262   serial.o
       148         12          0          0          0        312   serialisr.o
       292         60          0          0       1568        692   startup.o
      4606        266          0         60        100      27779   tasks.o

    ----------------------------------------------------------------------
     11332        702         32        212      15180      92150   Object Totals
        24          0         32          0          0          0   (incl. Generated)
         4          0          0          0          0          0   (incl. Padding)

    ----------------------------------------------------------------------

      Code (inc. data)   RO Data    RW Data    ZI Data      Debug   Library Member Name

         8          0          0          0          0         68   __main.o
         0          0          0          0          0          0   __rtentry.o
        44          4          0          0          0          0   __rtentry2.o
         8          0          0          0          0          0   __rtentry4.o
        60          8          0          0          0          0   __scatter.o
        40          0          0          0          0          0   __scatter_copy.o
        44          0          0          0          0          0   __scatter_zi.o
       424          0          0          0          0        148   aeabi_sdiv.o
        20          0          0          0          0         80   exit.o
         6          0          0          0          0        136   heapauxi.o
         0          0          0          0          0          0   indicate_semi.o
        10          0          0          0          0          0   libinit.o
        12          0          0          0          0          0   libinit2.o
        12          0          0          0          0          0   libshutdown.o
         6          0          0          0          0          0   libshutdown2.o
        12          4          0          0         96         68   libspace.o
       216          0          0          0          0         68   rt_memcpy.o
       104          0          0          0          0         80   rt_memcpy_w.o
         8          0          0          0          0          0   rtexit.o
        12          0          0          0          0          0   rtexit2.o
        20          4          0          0          0         60   sys_exit.o
        96          0          0          0          0         80   sys_stackheap_outer.o
         4          0          0          0          0         68   use_no_semi.o
       740        140          0          0          0        228   ddiv.o
       116          4          0          0          0         92   dfixu.o
       104          0          0          0          0        136   dflt_noclz.o
       192          0          0          0          0        108   dnaninf.o
        16          0          0          0          0         68   dretinf.o
       404         76          0          0          0         96   fdiv.o
       104          0          0          0          0        136   fflt_noclz.o
       168          0          0          0          0         96   fnaninf.o
        16          0          0          0          0         68   fretinf.o
         0          0          0          0          0          0   usenofp.o

    ----------------------------------------------------------------------
      3032        240          0          0         96       1884   Library Totals
         6          0          0          0          0          0   (incl. Padding)

    ----------------------------------------------------------------------

      Code (inc. data)   RO Data    RW Data    ZI Data      Debug   Library Name

      1166         20          0          0         96        856   c_t.l
      1860        220          0          0          0       1028   fz_ts.l

    ----------------------------------------------------------------------
      3032        240          0          0         96       1884   Library Totals

    ----------------------------------------------------------------------

==============================================================================


      Code (inc. data)   RO Data    RW Data    ZI Data      Debug   

     14364        942         32        212      15276      92406   Grand Totals
     14364        942         32        212      15276      92406   ELF Image Totals
     14364        942         32        212          0          0   ROM Totals

==============================================================================

    Total RO  Size (Code + RO Data)                14396 (  14.06kB)
    Total RW  Size (RW Data + ZI Data)             15488 (  15.13kB)
    Total ROM Size (Code + RO Data + RW Data)      14608 (  14.27kB)

==============================================================================

