<html>
<body>
<pre>
<h1>µVision Build Log</h1>
<h2>Tool Versions:</h2>
IDE-Version: µVision V5.29.0.0
Copyright (C) 2019 ARM Ltd and ARM Germany GmbH. All rights reserved.
License Information: Mohamed Mokhtar, Mansoura university, LIC=----
 
Tool Versions:
Toolchain:       MDK-Lite  Version: 5.29.0.0
Toolchain Path:  C:\Keil_v5\ARM\ARMCC\Bin
C Compiler:      Armcc.exe V5.06 update 6 (build 750)
Assembler:       Armasm.exe V5.06 update 6 (build 750)
Linker/Locator:  ArmLink.exe V5.06 update 6 (build 750)
Library Manager: ArmAr.exe V5.06 update 6 (build 750)
Hex Converter:   FromElf.exe V5.06 update 6 (build 750)
CPU DLL:         SARM.DLL V5.29.0.0
Dialog DLL:      DARMP.DLL V1.53.0.0
Target DLL:      UL2ARM.DLL V1.74.10.0
Dialog DLL:      TARMP.DLL V1.53.0.0
 
<h2>Project:</h2>
E:\01- G-Cources\FWD Advanced Embedded\00- Resources\Src code\Assignment2FWD_EDF_schedular_freeRTOS_based\Keil_FrameWork\RTOSDemo.uvproj
Project File Date:  09/19/2022

<h2>Output:</h2>
*** Using Compiler 'V5.06 update 6 (build 750)', folder: 'C:\Keil_v5\ARM\ARMCC\Bin'
Rebuild target 'RTOSDemo_ARM'
assembling serialISR.s...
assembling Startup.s...
compiling serial.c...
serial\serial.c(185): warning:  #550-D: variable "cChar"  was set but never used
  signed char cChar;
serial\serial.c: 1 warning, 0 errors
compiling GPIO_cfg.c...
compiling ParTest.c...
compiling GPIO.c...
compiling heap_1.c...
compiling main.c...
compiling list.c...
compiling event_groups.c...
compiling queue.c...
assembling portASM.s...
compiling port.c...
compiling tasks.c...
linking...
Program Size: Code=20784 RO-data=32 RW-data=212 ZI-data=15276  
".\RTOSDemo.axf" - 0 Error(s), 1 Warning(s).
Build Time Elapsed:  00:00:01
</pre>
</body>
</html>
